Analysis & Synthesis report for simplified_sha256
Fri Jun 09 21:48:59 2023
Quartus Prime Version 20.1.0 Build 711 06/05/2020 SJ Lite Edition


---------------------
; Table of Contents ;
---------------------
  1. Legal Notice
  2. Analysis & Synthesis Summary
  3. Analysis & Synthesis Settings
  4. Parallel Compilation
  5. Analysis & Synthesis Source Files Read
  6. Analysis & Synthesis Resource Usage Summary
  7. Analysis & Synthesis Resource Utilization by Entity
  8. State Machine - |simplified_sha256|state
  9. Registers Removed During Synthesis
 10. General Register Statistics
 11. Multiplexer Restructuring Statistics (Restructuring Performed)
 12. Parameter Settings for User Entity Instance: Top-level Entity: |simplified_sha256
 13. Post-Synthesis Netlist Statistics for Top Partition
 14. Elapsed Time Per Partition
 15. Analysis & Synthesis Messages
 16. Analysis & Synthesis Suppressed Messages



----------------
; Legal Notice ;
----------------
Copyright (C) 2020  Intel Corporation. All rights reserved.
Your use of Intel Corporation's design tools, logic functions 
and other software and tools, and any partner logic 
functions, and any output files from any of the foregoing 
(including device programming or simulation files), and any 
associated documentation or information are expressly subject 
to the terms and conditions of the Intel Program License 
Subscription Agreement, the Intel Quartus Prime License Agreement,
the Intel FPGA IP License Agreement, or other applicable license
agreement, including, without limitation, that your use is for
the sole purpose of programming logic devices manufactured by
Intel and sold by Intel or its authorized distributors.  Please
refer to the applicable agreement for further details, at
https://fpgasoftware.intel.com/eula.



+---------------------------------------------------------------------------------+
; Analysis & Synthesis Summary                                                    ;
+-----------------------------------+---------------------------------------------+
; Analysis & Synthesis Status       ; Successful - Fri Jun 09 21:48:58 2023       ;
; Quartus Prime Version             ; 20.1.0 Build 711 06/05/2020 SJ Lite Edition ;
; Revision Name                     ; simplified_sha256                           ;
; Top-level Entity Name             ; simplified_sha256                           ;
; Family                            ; Arria II GX                                 ;
; Logic utilization                 ; N/A                                         ;
;     Combinational ALUTs           ; 3,422                                       ;
;     Memory ALUTs                  ; 0                                           ;
;     Dedicated logic registers     ; 3,737                                       ;
; Total registers                   ; 3737                                        ;
; Total pins                        ; 118                                         ;
; Total virtual pins                ; 0                                           ;
; Total block memory bits           ; 0                                           ;
; DSP block 18-bit elements         ; 0                                           ;
; Total GXB Receiver Channel PCS    ; 0                                           ;
; Total GXB Receiver Channel PMA    ; 0                                           ;
; Total GXB Transmitter Channel PCS ; 0                                           ;
; Total GXB Transmitter Channel PMA ; 0                                           ;
; Total PLLs                        ; 0                                           ;
; Total DLLs                        ; 0                                           ;
+-----------------------------------+---------------------------------------------+


+---------------------------------------------------------------------------------------------------------------------------+
; Analysis & Synthesis Settings                                                                                             ;
+---------------------------------------------------------------------------------+--------------------+--------------------+
; Option                                                                          ; Setting            ; Default Value      ;
+---------------------------------------------------------------------------------+--------------------+--------------------+
; Device                                                                          ; EP2AGX45DF29I5     ;                    ;
; Top-level entity name                                                           ; simplified_sha256  ; simplified_sha256  ;
; Family name                                                                     ; Arria II GX        ; Cyclone V          ;
; Use smart compilation                                                           ; Off                ; Off                ;
; Enable parallel Assembler and Timing Analyzer during compilation                ; On                 ; On                 ;
; Enable compact report table                                                     ; Off                ; Off                ;
; Restructure Multiplexers                                                        ; Auto               ; Auto               ;
; MLAB Add Timing Constraints For Mixed-Port Feed-Through Mode Setting Don't Care ; Off                ; Off                ;
; Create Debugging Nodes for IP Cores                                             ; Off                ; Off                ;
; Preserve fewer node names                                                       ; On                 ; On                 ;
; Intel FPGA IP Evaluation Mode                                                   ; Enable             ; Enable             ;
; Verilog Version                                                                 ; Verilog_2001       ; Verilog_2001       ;
; VHDL Version                                                                    ; VHDL_1993          ; VHDL_1993          ;
; State Machine Processing                                                        ; Auto               ; Auto               ;
; Safe State Machine                                                              ; Off                ; Off                ;
; Extract Verilog State Machines                                                  ; On                 ; On                 ;
; Extract VHDL State Machines                                                     ; On                 ; On                 ;
; Ignore Verilog initial constructs                                               ; Off                ; Off                ;
; Iteration limit for constant Verilog loops                                      ; 5000               ; 5000               ;
; Iteration limit for non-constant Verilog loops                                  ; 250                ; 250                ;
; Add Pass-Through Logic to Inferred RAMs                                         ; On                 ; On                 ;
; Infer RAMs from Raw Logic                                                       ; On                 ; On                 ;
; Parallel Synthesis                                                              ; On                 ; On                 ;
; DSP Block Balancing                                                             ; Auto               ; Auto               ;
; NOT Gate Push-Back                                                              ; On                 ; On                 ;
; Power-Up Don't Care                                                             ; On                 ; On                 ;
; Remove Redundant Logic Cells                                                    ; Off                ; Off                ;
; Remove Duplicate Registers                                                      ; On                 ; On                 ;
; Ignore CARRY Buffers                                                            ; Off                ; Off                ;
; Ignore CASCADE Buffers                                                          ; Off                ; Off                ;
; Ignore GLOBAL Buffers                                                           ; Off                ; Off                ;
; Ignore ROW GLOBAL Buffers                                                       ; Off                ; Off                ;
; Ignore LCELL Buffers                                                            ; Off                ; Off                ;
; Ignore SOFT Buffers                                                             ; On                 ; On                 ;
; Limit AHDL Integers to 32 Bits                                                  ; Off                ; Off                ;
; Optimization Technique                                                          ; Balanced           ; Balanced           ;
; Carry Chain Length                                                              ; 70                 ; 70                 ;
; Auto Carry Chains                                                               ; On                 ; On                 ;
; Auto Open-Drain Pins                                                            ; On                 ; On                 ;
; Perform WYSIWYG Primitive Resynthesis                                           ; Off                ; Off                ;
; Auto ROM Replacement                                                            ; On                 ; On                 ;
; Auto RAM Replacement                                                            ; On                 ; On                 ;
; Auto DSP Block Replacement                                                      ; On                 ; On                 ;
; Auto Shift Register Replacement                                                 ; Auto               ; Auto               ;
; Allow Shift Register Merging across Hierarchies                                 ; Auto               ; Auto               ;
; Auto Clock Enable Replacement                                                   ; On                 ; On                 ;
; Strict RAM Replacement                                                          ; Off                ; Off                ;
; Allow Synchronous Control Signals                                               ; On                 ; On                 ;
; Force Use of Synchronous Clear Signals                                          ; Off                ; Off                ;
; Auto RAM Block Balancing                                                        ; On                 ; On                 ;
; Auto RAM to Logic Cell Conversion                                               ; Off                ; Off                ;
; Auto Resource Sharing                                                           ; Off                ; Off                ;
; Allow Any RAM Size For Recognition                                              ; Off                ; Off                ;
; Allow Any ROM Size For Recognition                                              ; Off                ; Off                ;
; Allow Any Shift Register Size For Recognition                                   ; Off                ; Off                ;
; Use LogicLock Constraints during Resource Balancing                             ; On                 ; On                 ;
; Ignore translate_off and synthesis_off directives                               ; Off                ; Off                ;
; Timing-Driven Synthesis                                                         ; On                 ; On                 ;
; Report Parameter Settings                                                       ; On                 ; On                 ;
; Report Source Assignments                                                       ; On                 ; On                 ;
; Report Connectivity Checks                                                      ; On                 ; On                 ;
; Ignore Maximum Fan-Out Assignments                                              ; Off                ; Off                ;
; Synchronization Register Chain Length                                           ; 3                  ; 3                  ;
; Power Optimization During Synthesis                                             ; Normal compilation ; Normal compilation ;
; HDL message level                                                               ; Level2             ; Level2             ;
; Suppress Register Optimization Related Messages                                 ; Off                ; Off                ;
; Number of Removed Registers Reported in Synthesis Report                        ; 5000               ; 5000               ;
; Number of Swept Nodes Reported in Synthesis Report                              ; 5000               ; 5000               ;
; Number of Inverted Registers Reported in Synthesis Report                       ; 100                ; 100                ;
; Clock MUX Protection                                                            ; On                 ; On                 ;
; Auto Gated Clock Conversion                                                     ; Off                ; Off                ;
; Block Design Naming                                                             ; Auto               ; Auto               ;
; SDC constraint protection                                                       ; Off                ; Off                ;
; Synthesis Effort                                                                ; Auto               ; Auto               ;
; Shift Register Replacement - Allow Asynchronous Clear Signal                    ; On                 ; On                 ;
; Pre-Mapping Resynthesis Optimization                                            ; Off                ; Off                ;
; Analysis & Synthesis Message Level                                              ; Medium             ; Medium             ;
; Disable Register Merging Across Hierarchies                                     ; Auto               ; Auto               ;
; Resource Aware Inference For Block RAM                                          ; On                 ; On                 ;
+---------------------------------------------------------------------------------+--------------------+--------------------+


+------------------------------------------+
; Parallel Compilation                     ;
+----------------------------+-------------+
; Processors                 ; Number      ;
+----------------------------+-------------+
; Number detected on machine ; 8           ;
; Maximum allowed            ; 4           ;
;                            ;             ;
; Average used               ; 1.00        ;
; Maximum used               ; 4           ;
;                            ;             ;
; Usage by Processor         ; % Time Used ;
;     Processor 1            ; 100.0%      ;
;     Processor 2            ;   0.1%      ;
;     Processor 3            ;   0.1%      ;
;     Processor 4            ;   0.1%      ;
+----------------------------+-------------+


+--------------------------------------------------------------------------------------------------------------------------------------------------------------------------------------------------+
; Analysis & Synthesis Source Files Read                                                                                                                                                           ;
+----------------------------------+-----------------+------------------------------+----------------------------------------------------------------------------------------------------+---------+
; File Name with User-Entered Path ; Used in Netlist ; File Type                    ; File Name with Absolute Path                                                                       ; Library ;
+----------------------------------+-----------------+------------------------------+----------------------------------------------------------------------------------------------------+---------+
; simplified_sha256.sv             ; yes             ; User SystemVerilog HDL File  ; C:/Users/yrmho/Documents/SP23/ECE 111/ECE_111_Bitcoin_Miner/simplified_sha256/simplified_sha256.sv ;         ;
+----------------------------------+-----------------+------------------------------+----------------------------------------------------------------------------------------------------+---------+


+-----------------------------------------------------------+
; Analysis & Synthesis Resource Usage Summary               ;
+-----------------------------------------------+-----------+
; Resource                                      ; Usage     ;
+-----------------------------------------------+-----------+
; Estimated ALUTs Used                          ; 3422      ;
;     -- Combinational ALUTs                    ; 3422      ;
;     -- Memory ALUTs                           ; 0         ;
;     -- LUT_REGs                               ; 0         ;
; Dedicated logic registers                     ; 3737      ;
;                                               ;           ;
; Estimated ALUTs Unavailable                   ; 1566      ;
;     -- Due to unpartnered combinational logic ; 1566      ;
;     -- Due to Memory ALUTs                    ; 0         ;
;                                               ;           ;
; Total combinational functions                 ; 3422      ;
; Combinational ALUT usage by number of inputs  ;           ;
;     -- 7 input functions                      ; 40        ;
;     -- 6 input functions                      ; 2196      ;
;     -- 5 input functions                      ; 205       ;
;     -- 4 input functions                      ; 141       ;
;     -- <=3 input functions                    ; 840       ;
;                                               ;           ;
; Combinational ALUTs by mode                   ;           ;
;     -- normal mode                            ; 2878      ;
;     -- extended LUT mode                      ; 40        ;
;     -- arithmetic mode                        ; 376       ;
;     -- shared arithmetic mode                 ; 128       ;
;                                               ;           ;
; Estimated ALUT/register pairs used            ; 7978      ;
;                                               ;           ;
; Total registers                               ; 3737      ;
;     -- Dedicated logic registers              ; 3737      ;
;     -- I/O registers                          ; 0         ;
;     -- LUT_REGs                               ; 0         ;
;                                               ;           ;
;                                               ;           ;
; I/O pins                                      ; 118       ;
;                                               ;           ;
; DSP block 18-bit elements                     ; 0         ;
;                                               ;           ;
; Maximum fan-out node                          ; clk~input ;
; Maximum fan-out                               ; 3738      ;
; Total fan-out                                 ; 34264     ;
; Average fan-out                               ; 4.63      ;
+-----------------------------------------------+-----------+


+----------------------------------------------------------------------------------------------------------------------------------------------------------------------------------------------------------------------------------------------+
; Analysis & Synthesis Resource Utilization by Entity                                                                                                                                                                                          ;
+----------------------------+---------------------+---------------------------+-------------------+--------------+---------+-----------+-----------+-----------+------+--------------+---------------------+-------------------+--------------+
; Compilation Hierarchy Node ; Combinational ALUTs ; Dedicated Logic Registers ; Block Memory Bits ; DSP Elements ; DSP 9x9 ; DSP 12x12 ; DSP 18x18 ; DSP 36x36 ; Pins ; Virtual Pins ; Full Hierarchy Name ; Entity Name       ; Library Name ;
+----------------------------+---------------------+---------------------------+-------------------+--------------+---------+-----------+-----------+-----------+------+--------------+---------------------+-------------------+--------------+
; |simplified_sha256         ; 3422 (3422)         ; 3737 (3737)               ; 0                 ; 0            ; 0       ; 0         ; 0         ; 0         ; 118  ; 0            ; |simplified_sha256  ; simplified_sha256 ; work         ;
+----------------------------+---------------------+---------------------------+-------------------+--------------+---------+-----------+-----------+-----------+------+--------------+---------------------+-------------------+--------------+
Note: For table entries with two numbers listed, the numbers in parentheses indicate the number of resources of the given type used by the specific entity alone. The numbers listed outside of parentheses indicate the total resources of the given type used by the specific entity and all of its sub-entities in the hierarchy.


Encoding Type:  One-Hot
+-------------------------------------------------------------------------------------+
; State Machine - |simplified_sha256|state                                            ;
+---------------+---------------+-------------+------------+------------+-------------+
; Name          ; state.COMPUTE ; state.BLOCK ; state.READ ; state.IDLE ; state.WRITE ;
+---------------+---------------+-------------+------------+------------+-------------+
; state.IDLE    ; 0             ; 0           ; 0          ; 0          ; 0           ;
; state.READ    ; 0             ; 0           ; 1          ; 1          ; 0           ;
; state.BLOCK   ; 0             ; 1           ; 0          ; 1          ; 0           ;
; state.COMPUTE ; 1             ; 0           ; 0          ; 1          ; 0           ;
; state.WRITE   ; 0             ; 0           ; 0          ; 1          ; 1           ;
+---------------+---------------+-------------+------------+------------+-------------+


+------------------------------------------------------------+
; Registers Removed During Synthesis                         ;
+---------------------------------------+--------------------+
; Register name                         ; Reason for Removal ;
+---------------------------------------+--------------------+
; state~9                               ; Lost fanout        ;
; state~10                              ; Lost fanout        ;
; Total Number of Removed Registers = 2 ;                    ;
+---------------------------------------+--------------------+


+------------------------------------------------------+
; General Register Statistics                          ;
+----------------------------------------------+-------+
; Statistic                                    ; Value ;
+----------------------------------------------+-------+
; Total registers                              ; 3737  ;
; Number of registers using Synchronous Clear  ; 349   ;
; Number of registers using Synchronous Load   ; 2561  ;
; Number of registers using Asynchronous Clear ; 6     ;
; Number of registers using Asynchronous Load  ; 0     ;
; Number of registers using Clock Enable       ; 3731  ;
; Number of registers using Preset             ; 0     ;
+----------------------------------------------+-------+


+-----------------------------------------------------------------------------------------------------------------------------------------------------+
; Multiplexer Restructuring Statistics (Restructuring Performed)                                                                                      ;
+--------------------+-----------+---------------+----------------------+------------------------+------------+---------------------------------------+
; Multiplexer Inputs ; Bus Width ; Baseline Area ; Area if Restructured ; Saving if Restructured ; Registered ; Example Multiplexer Output            ;
+--------------------+-----------+---------------+----------------------+------------------------+------------+---------------------------------------+
; 3:1                ; 32 bits   ; 64 ALUTs      ; 32 ALUTs             ; 32 ALUTs               ; Yes        ; |simplified_sha256|message[31][6]     ;
; 3:1                ; 32 bits   ; 64 ALUTs      ; 0 ALUTs              ; 64 ALUTs               ; Yes        ; |simplified_sha256|message[30][20]    ;
; 3:1                ; 32 bits   ; 64 ALUTs      ; 0 ALUTs              ; 64 ALUTs               ; Yes        ; |simplified_sha256|message[29][19]    ;
; 3:1                ; 32 bits   ; 64 ALUTs      ; 0 ALUTs              ; 64 ALUTs               ; Yes        ; |simplified_sha256|message[28][12]    ;
; 3:1                ; 32 bits   ; 64 ALUTs      ; 0 ALUTs              ; 64 ALUTs               ; Yes        ; |simplified_sha256|message[27][16]    ;
; 3:1                ; 32 bits   ; 64 ALUTs      ; 0 ALUTs              ; 64 ALUTs               ; Yes        ; |simplified_sha256|message[26][5]     ;
; 3:1                ; 32 bits   ; 64 ALUTs      ; 0 ALUTs              ; 64 ALUTs               ; Yes        ; |simplified_sha256|message[25][31]    ;
; 3:1                ; 32 bits   ; 64 ALUTs      ; 0 ALUTs              ; 64 ALUTs               ; Yes        ; |simplified_sha256|message[24][13]    ;
; 3:1                ; 32 bits   ; 64 ALUTs      ; 0 ALUTs              ; 64 ALUTs               ; Yes        ; |simplified_sha256|message[23][21]    ;
; 3:1                ; 32 bits   ; 64 ALUTs      ; 0 ALUTs              ; 64 ALUTs               ; Yes        ; |simplified_sha256|message[22][10]    ;
; 3:1                ; 32 bits   ; 64 ALUTs      ; 0 ALUTs              ; 64 ALUTs               ; Yes        ; |simplified_sha256|message[21][14]    ;
; 3:1                ; 32 bits   ; 64 ALUTs      ; 32 ALUTs             ; 32 ALUTs               ; Yes        ; |simplified_sha256|message[20][15]    ;
; 5:1                ; 8 bits    ; 24 ALUTs      ; 0 ALUTs              ; 24 ALUTs               ; Yes        ; |simplified_sha256|y[0]               ;
; 5:1                ; 2 bits    ; 6 ALUTs       ; 2 ALUTs              ; 4 ALUTs                ; Yes        ; |simplified_sha256|cur_block[0]       ;
; 5:1                ; 256 bits  ; 768 ALUTs     ; 256 ALUTs            ; 512 ALUTs              ; Yes        ; |simplified_sha256|h0[8]              ;
; 5:1                ; 256 bits  ; 768 ALUTs     ; 0 ALUTs              ; 768 ALUTs              ; Yes        ; |simplified_sha256|e[26]              ;
; 8:1                ; 4 bits    ; 20 ALUTs      ; 8 ALUTs              ; 12 ALUTs               ; Yes        ; |simplified_sha256|offset[0]          ;
; 8:1                ; 8 bits    ; 40 ALUTs      ; 16 ALUTs             ; 24 ALUTs               ; Yes        ; |simplified_sha256|i[2]               ;
; 9:1                ; 12 bits   ; 72 ALUTs      ; 0 ALUTs              ; 72 ALUTs               ; Yes        ; |simplified_sha256|offset[4]          ;
; 9:1                ; 32 bits   ; 192 ALUTs     ; 192 ALUTs            ; 0 ALUTs                ; Yes        ; |simplified_sha256|cur_write_data[17] ;
; 4:1                ; 128 bits  ; 256 ALUTs     ; 256 ALUTs            ; 0 ALUTs                ; No         ; |simplified_sha256|Mux186             ;
; 4:1                ; 512 bits  ; 1024 ALUTs    ; 1024 ALUTs           ; 0 ALUTs                ; No         ; |simplified_sha256|Mux184             ;
; 4:1                ; 32 bits   ; 64 ALUTs      ; 64 ALUTs             ; 0 ALUTs                ; No         ; |simplified_sha256|Mux186             ;
; 4:1                ; 32 bits   ; 64 ALUTs      ; 64 ALUTs             ; 0 ALUTs                ; No         ; |simplified_sha256|Mux49              ;
; 4:1                ; 128 bits  ; 256 ALUTs     ; 256 ALUTs            ; 0 ALUTs                ; No         ; |simplified_sha256|Mux72              ;
; 8:1                ; 128 bits  ; 640 ALUTs     ; 640 ALUTs            ; 0 ALUTs                ; No         ; |simplified_sha256|Mux72              ;
; 33:1               ; 32 bits   ; 704 ALUTs     ; 704 ALUTs            ; 0 ALUTs                ; No         ; |simplified_sha256|w                  ;
; 16:1               ; 32 bits   ; 320 ALUTs     ; 320 ALUTs            ; 0 ALUTs                ; No         ; |simplified_sha256|Mux134             ;
; 24:1               ; 32 bits   ; 512 ALUTs     ; 512 ALUTs            ; 0 ALUTs                ; No         ; |simplified_sha256|Mux81              ;
; 24:1               ; 32 bits   ; 512 ALUTs     ; 512 ALUTs            ; 0 ALUTs                ; No         ; |simplified_sha256|Mux123             ;
+--------------------+-----------+---------------+----------------------+------------------------+------------+---------------------------------------+


+-----------------------------------------------------------------------------------+
; Parameter Settings for User Entity Instance: Top-level Entity: |simplified_sha256 ;
+----------------+-------+----------------------------------------------------------+
; Parameter Name ; Value ; Type                                                     ;
+----------------+-------+----------------------------------------------------------+
; NUM_OF_WORDS   ; 20    ; Signed Integer                                           ;
+----------------+-------+----------------------------------------------------------+
Note: In order to hide this table in the UI and the text report file, please set the "Show Parameter Settings in Synthesis Report" option in "Analysis and Synthesis Settings -> More Settings" to "Off".


+-----------------------------------------------------+
; Post-Synthesis Netlist Statistics for Top Partition ;
+-----------------------+-----------------------------+
; Type                  ; Count                       ;
+-----------------------+-----------------------------+
; arriaii_ff            ; 3737                        ;
;     CLR               ; 6                           ;
;     ENA               ; 821                         ;
;     ENA SCLR          ; 349                         ;
;     ENA SLD           ; 2561                        ;
; boundary_port         ; 118                         ;
; stratixiv_lcell_comb  ; 3422                        ;
;     arith             ; 376                         ;
;         1 data inputs ; 40                          ;
;         2 data inputs ; 336                         ;
;     extend            ; 40                          ;
;         7 data inputs ; 40                          ;
;     normal            ; 2878                        ;
;         0 data inputs ; 1                           ;
;         1 data inputs ; 1                           ;
;         2 data inputs ; 80                          ;
;         3 data inputs ; 254                         ;
;         4 data inputs ; 141                         ;
;         5 data inputs ; 205                         ;
;         6 data inputs ; 2196                        ;
;     shared            ; 128                         ;
;         3 data inputs ; 128                         ;
;                       ;                             ;
; Max LUT depth         ; 10.50                       ;
; Average LUT depth     ; 5.72                        ;
+-----------------------+-----------------------------+


+-------------------------------+
; Elapsed Time Per Partition    ;
+----------------+--------------+
; Partition Name ; Elapsed Time ;
+----------------+--------------+
; Top            ; 00:00:12     ;
+----------------+--------------+


+-------------------------------+
; Analysis & Synthesis Messages ;
+-------------------------------+
Info: *******************************************************************
Info: Running Quartus Prime Analysis & Synthesis
    Info: Version 20.1.0 Build 711 06/05/2020 SJ Lite Edition
    Info: Processing started: Fri Jun 09 21:48:35 2023
Info: Command: quartus_map --read_settings_files=on --write_settings_files=off simplified_sha256 -c simplified_sha256
Warning (18236): Number of processors has not been specified which may cause overloading on shared machines.  Set the global assignment NUM_PARALLEL_PROCESSORS in your QSF to an appropriate value for best performance.
Info (20030): Parallel compilation is enabled and will use 4 of the 4 processors detected
Info (12021): Found 1 design units, including 1 entities, in source file tb_simplified_sha256.sv
    Info (12023): Found entity 1: tb_simplified_sha256 File: C:/Users/yrmho/Documents/SP23/ECE 111/ECE_111_Bitcoin_Miner/simplified_sha256/tb_simplified_sha256.sv Line: 1
Info (12021): Found 1 design units, including 1 entities, in source file simplified_sha256.sv
    Info (12023): Found entity 1: simplified_sha256 File: C:/Users/yrmho/Documents/SP23/ECE 111/ECE_111_Bitcoin_Miner/simplified_sha256/simplified_sha256.sv Line: 1
Warning (10222): Verilog HDL Parameter Declaration warning at simplified_sha256.sv(35): Parameter Declaration in module "simplified_sha256" behaves as a Local Parameter Declaration because the module has a Module Parameter Port List File: C:/Users/yrmho/Documents/SP23/ECE 111/ECE_111_Bitcoin_Miner/simplified_sha256/simplified_sha256.sv Line: 35
Info (12127): Elaborating entity "simplified_sha256" for the top level hierarchy
Warning (10036): Verilog HDL or VHDL warning at simplified_sha256.sv(22): object "j" assigned a value but never read File: C:/Users/yrmho/Documents/SP23/ECE 111/ECE_111_Bitcoin_Miner/simplified_sha256/simplified_sha256.sv Line: 22
Warning (10230): Verilog HDL assignment warning at simplified_sha256.sv(166): truncated value with size 32 to match size of target (16) File: C:/Users/yrmho/Documents/SP23/ECE 111/ECE_111_Bitcoin_Miner/simplified_sha256/simplified_sha256.sv Line: 166
Warning (10230): Verilog HDL assignment warning at simplified_sha256.sv(167): truncated value with size 32 to match size of target (8) File: C:/Users/yrmho/Documents/SP23/ECE 111/ECE_111_Bitcoin_Miner/simplified_sha256/simplified_sha256.sv Line: 167
Warning (10230): Verilog HDL assignment warning at simplified_sha256.sv(221): truncated value with size 32 to match size of target (8) File: C:/Users/yrmho/Documents/SP23/ECE 111/ECE_111_Bitcoin_Miner/simplified_sha256/simplified_sha256.sv Line: 221
Warning (10230): Verilog HDL assignment warning at simplified_sha256.sv(228): truncated value with size 32 to match size of target (8) File: C:/Users/yrmho/Documents/SP23/ECE 111/ECE_111_Bitcoin_Miner/simplified_sha256/simplified_sha256.sv Line: 228
Warning (10230): Verilog HDL assignment warning at simplified_sha256.sv(268): truncated value with size 32 to match size of target (16) File: C:/Users/yrmho/Documents/SP23/ECE 111/ECE_111_Bitcoin_Miner/simplified_sha256/simplified_sha256.sv Line: 268
Warning (10230): Verilog HDL assignment warning at simplified_sha256.sv(274): truncated value with size 32 to match size of target (16) File: C:/Users/yrmho/Documents/SP23/ECE 111/ECE_111_Bitcoin_Miner/simplified_sha256/simplified_sha256.sv Line: 274
Warning (10230): Verilog HDL assignment warning at simplified_sha256.sv(280): truncated value with size 32 to match size of target (16) File: C:/Users/yrmho/Documents/SP23/ECE 111/ECE_111_Bitcoin_Miner/simplified_sha256/simplified_sha256.sv Line: 280
Warning (10230): Verilog HDL assignment warning at simplified_sha256.sv(286): truncated value with size 32 to match size of target (16) File: C:/Users/yrmho/Documents/SP23/ECE 111/ECE_111_Bitcoin_Miner/simplified_sha256/simplified_sha256.sv Line: 286
Warning (10230): Verilog HDL assignment warning at simplified_sha256.sv(292): truncated value with size 32 to match size of target (16) File: C:/Users/yrmho/Documents/SP23/ECE 111/ECE_111_Bitcoin_Miner/simplified_sha256/simplified_sha256.sv Line: 292
Warning (10230): Verilog HDL assignment warning at simplified_sha256.sv(297): truncated value with size 32 to match size of target (16) File: C:/Users/yrmho/Documents/SP23/ECE 111/ECE_111_Bitcoin_Miner/simplified_sha256/simplified_sha256.sv Line: 297
Warning (10230): Verilog HDL assignment warning at simplified_sha256.sv(302): truncated value with size 32 to match size of target (16) File: C:/Users/yrmho/Documents/SP23/ECE 111/ECE_111_Bitcoin_Miner/simplified_sha256/simplified_sha256.sv Line: 302
Warning (10230): Verilog HDL assignment warning at simplified_sha256.sv(307): truncated value with size 32 to match size of target (16) File: C:/Users/yrmho/Documents/SP23/ECE 111/ECE_111_Bitcoin_Miner/simplified_sha256/simplified_sha256.sv Line: 307
Info (286030): Timing-Driven Synthesis is running
Info (17049): 2 registers lost all their fanouts during netlist optimizations.
Info (144001): Generated suppressed messages file C:/Users/yrmho/Documents/SP23/ECE 111/ECE_111_Bitcoin_Miner/simplified_sha256/output_files/simplified_sha256.map.smsg
Info (16010): Generating hard_block partition "hard_block:auto_generated_inst"
    Info (16011): Adding 0 node(s), including 0 DDIO, 0 PLL, 0 transceiver and 0 LCELL
Warning (21074): Design contains 16 input pin(s) that do not drive logic
    Warning (15610): No output dependent on input pin "output_addr[0]" File: C:/Users/yrmho/Documents/SP23/ECE 111/ECE_111_Bitcoin_Miner/simplified_sha256/simplified_sha256.sv Line: 3
    Warning (15610): No output dependent on input pin "output_addr[1]" File: C:/Users/yrmho/Documents/SP23/ECE 111/ECE_111_Bitcoin_Miner/simplified_sha256/simplified_sha256.sv Line: 3
    Warning (15610): No output dependent on input pin "output_addr[2]" File: C:/Users/yrmho/Documents/SP23/ECE 111/ECE_111_Bitcoin_Miner/simplified_sha256/simplified_sha256.sv Line: 3
    Warning (15610): No output dependent on input pin "output_addr[3]" File: C:/Users/yrmho/Documents/SP23/ECE 111/ECE_111_Bitcoin_Miner/simplified_sha256/simplified_sha256.sv Line: 3
    Warning (15610): No output dependent on input pin "output_addr[4]" File: C:/Users/yrmho/Documents/SP23/ECE 111/ECE_111_Bitcoin_Miner/simplified_sha256/simplified_sha256.sv Line: 3
    Warning (15610): No output dependent on input pin "output_addr[5]" File: C:/Users/yrmho/Documents/SP23/ECE 111/ECE_111_Bitcoin_Miner/simplified_sha256/simplified_sha256.sv Line: 3
    Warning (15610): No output dependent on input pin "output_addr[6]" File: C:/Users/yrmho/Documents/SP23/ECE 111/ECE_111_Bitcoin_Miner/simplified_sha256/simplified_sha256.sv Line: 3
    Warning (15610): No output dependent on input pin "output_addr[7]" File: C:/Users/yrmho/Documents/SP23/ECE 111/ECE_111_Bitcoin_Miner/simplified_sha256/simplified_sha256.sv Line: 3
    Warning (15610): No output dependent on input pin "output_addr[8]" File: C:/Users/yrmho/Documents/SP23/ECE 111/ECE_111_Bitcoin_Miner/simplified_sha256/simplified_sha256.sv Line: 3
    Warning (15610): No output dependent on input pin "output_addr[9]" File: C:/Users/yrmho/Documents/SP23/ECE 111/ECE_111_Bitcoin_Miner/simplified_sha256/simplified_sha256.sv Line: 3
    Warning (15610): No output dependent on input pin "output_addr[10]" File: C:/Users/yrmho/Documents/SP23/ECE 111/ECE_111_Bitcoin_Miner/simplified_sha256/simplified_sha256.sv Line: 3
    Warning (15610): No output dependent on input pin "output_addr[11]" File: C:/Users/yrmho/Documents/SP23/ECE 111/ECE_111_Bitcoin_Miner/simplified_sha256/simplified_sha256.sv Line: 3
    Warning (15610): No output dependent on input pin "output_addr[12]" File: C:/Users/yrmho/Documents/SP23/ECE 111/ECE_111_Bitcoin_Miner/simplified_sha256/simplified_sha256.sv Line: 3
    Warning (15610): No output dependent on input pin "output_addr[13]" File: C:/Users/yrmho/Documents/SP23/ECE 111/ECE_111_Bitcoin_Miner/simplified_sha256/simplified_sha256.sv Line: 3
    Warning (15610): No output dependent on input pin "output_addr[14]" File: C:/Users/yrmho/Documents/SP23/ECE 111/ECE_111_Bitcoin_Miner/simplified_sha256/simplified_sha256.sv Line: 3
    Warning (15610): No output dependent on input pin "output_addr[15]" File: C:/Users/yrmho/Documents/SP23/ECE 111/ECE_111_Bitcoin_Miner/simplified_sha256/simplified_sha256.sv Line: 3
Info (21057): Implemented 6814 device resources after synthesis - the final resource count might be different
    Info (21058): Implemented 67 input pins
    Info (21059): Implemented 51 output pins
    Info (21061): Implemented 6696 logic cells
Info: Quartus Prime Analysis & Synthesis was successful. 0 errors, 32 warnings
    Info: Peak virtual memory: 4879 megabytes
    Info: Processing ended: Fri Jun 09 21:48:59 2023
    Info: Elapsed time: 00:00:24
    Info: Total CPU time (on all processors): 00:00:21


+------------------------------------------+
; Analysis & Synthesis Suppressed Messages ;
+------------------------------------------+
The suppressed messages can be found in C:/Users/yrmho/Documents/SP23/ECE 111/ECE_111_Bitcoin_Miner/simplified_sha256/output_files/simplified_sha256.map.smsg.


